// Jest Snapshot v1, https://goo.gl/fbAQLP

exports[`Device Catalog renders correctly 1`] = `"<div class=\\"Row__StyledRow-sc-1goz0ht-0 fObXZQ\\"><div class=\\"Col__StyledCol-sc-15yvjc7-0 gBwSfh\\"><div class=\\"sc-bdvvtL cluyzB\\"><img src=\\"../public/images/TELUS_TAGLINE_HORIZONTAL_EN.svg\\" width=\\"150\\" height=\\"50\\" alt=\\"TELUS\\" class=\\"Image__StyledImage-b16p20-0 cNmOoM\\"><hr class=\\"HairlineDivider__StyledHairlineDivider-biamlk-0 BvZCb\\"><h1 data-testid=\\"heading\\" class=\\"Heading__StyledHeading-mpz92r-0 fflItf\\">Device Catalog</h1><p class=\\"Paragraph__StyledParagraph-efl81j-0 jukEfT\\">Revolutionary devices at unbeatable prices.</p></div></div></div><div class=\\"Row__StyledRow-sc-1goz0ht-0 fObXZQ\\"><div class=\\"Col__StyledCol-sc-15yvjc7-0 gBwSfh\\"><div class=\\"sc-bdvvtL iQfmHk\\"><div class=\\"sc-bdvvtL kYAGPW\\"><a href=\\"/iphones\\"><div class=\\"sc-bdvvtL cdVIWp\\"><img src=\\"../public/images/iphone.jpg\\" width=\\"150\\" height=\\"250\\" alt=\\"iPhone image\\" class=\\"Image__StyledImage-b16p20-0 cNmOoM\\"><span class=\\"sc-hKwDye iJFtxk\\">iPhones</span></div></a><a href=\\"/watches\\"><div class=\\"sc-bdvvtL iQfmHk\\"><img src=\\"../public/images/watch.jpg\\" width=\\"150\\" height=\\"250\\" alt=\\"Watch image\\" class=\\"Image__StyledImage-b16p20-0 cNmOoM\\"><span class=\\"sc-hKwDye iJFtxk\\">Watches</span></div></a></div><hr class=\\"HairlineDivider__StyledHairlineDivider-biamlk-0 BvZCb\\"></div></div></div>"`;
